
> florasync-saas@0.1.0 build
> next build

??Next.js 16.2.1 (Turbopack)
- Environments: .env.local

??The "middleware" file convention is deprecated. Please use "proxy" instead. Learn more: https://nextjs.org/docs/messages/middleware-to-proxy
  Creating an optimized production build ...
??Compiled successfully in 21.7s
  Running TypeScript ...
  Finished TypeScript in 11.8s ...
  Collecting page data using 5 workers ...
  Generating static pages using 5 workers (0/25) ...
  Generating static pages using 5 workers (6/25) 
  Generating static pages using 5 workers (12/25) 
  Generating static pages using 5 workers (18/25) 
??Generating static pages using 5 workers (25/25) in 782ms
  Finalizing page optimization ...

Route (app)
????/
????/_not-found
??? /dashboard
??? /dashboard/announcements
??? /dashboard/billing-admin
??? /dashboard/customers
??? /dashboard/delivery
??? /dashboard/expenses
??? /dashboard/inventory
??? /dashboard/orders
??? /dashboard/orders/daily-settlement
??? /dashboard/orders/new
??? /dashboard/orders/print-message
??? /dashboard/orders/print-preview/[id]
??? /dashboard/printer
??? /dashboard/products
??? /dashboard/reports
??? /dashboard/settings
??? /dashboard/settings/categories
??? /dashboard/subscription
??? /dashboard/suppliers
??? /dashboard/system-settings
??? /dashboard/tenants
????/login


? Proxy (Middleware)

?? (Static)   prerendered as static content
?  (Dynamic)  server-rendered on demand

