
> floxync-saas@0.1.0 build
> next build

??Next.js 16.2.1 (Turbopack)
- Environments: .env.local
- Experiments (use with caution):
  쨌 optimizePackageImports

  Creating an optimized production build ...
node.exe : 
위치 줄:1 문자:1
+ & "C:\Program Files\nodejs/node.exe" "C:\Program Files\nodejs/node_mo ...
+ ~~~~~~~~~~~~~~~~~~~~~~~~~~~~~~~~~~~~~~~~~~~~~~~~~~~~~~~~~~~~~~~~~~~~~
    + CategoryInfo          : NotSpecified: (:String) [], RemoteException
    + FullyQualifiedErrorId : NativeCommandError
 
> Build error occurred
Error: Turbopack build failed with 5 errors:
./src/app/dashboard/pickup-delivery/components/DeliverySettingsDialog.tsx:12:1
Module not found: Can't resolve '@/components/alimtalk-manual'
  [90m10 |[0m [36mimport[0m { toast } [36mfrom[0m [32m"sonner"[0m;
  [90m11 |[0m [36mimport[0m { [33mBranch[0m } [36mfrom[0m [32m"@/hooks/use-branches"[0m;
[31m[1m>[0m [90m12 |[0m [36mimport[0m { [33mAlimtalkManual[0m } [36mfrom[0m [32m"@/components/alimtalk-manu
al"[0m;
  [90m   |[0m [31m[1m^^^^^^^^^^^^^^^^^^^^^^^^^^^^^^^^^^^^^^^^^^^^^^^^^^^^^^^^^^^^^^[0m
  [90m13 |[0m
  [90m14 |[0m [36minterface[0m [33mDeliverySettingsDialogProps[0m {
  [90m15 |[0m     branch: [33mBranch[0m | [36mnull[0m;

Import map: aliased to relative './src/components/alimtalk-manual' inside of [project]/


Import traces:
  Client Component Browser:
    ./src/app/dashboard/pickup-delivery/components/DeliverySettingsDialog.tsx [Client Component Browser]
    ./src/app/dashboard/pickup-delivery/page.tsx [Client Component Browser]
    ./src/app/dashboard/pickup-delivery/page.tsx [Server Component]

  Client Component SSR:
    ./src/app/dashboard/pickup-delivery/components/DeliverySettingsDialog.tsx [Client Component SSR]
    ./src/app/dashboard/pickup-delivery/page.tsx [Client Component SSR]
    ./src/app/dashboard/pickup-delivery/page.tsx [Server Component]

https://nextjs.org/docs/messages/module-not-found


./src/app/dashboard/pickup-delivery/components/DeliveryTable.tsx:9:1
Module not found: Can't resolve '@/components/delivery-photo-upload'
  [90m 7 |[0m [36mimport[0m { [33mCalendar[0m [36mas[0m [33mCalendarIcon[0m, [33mCheckCircle[0m, [33mPhone
[0m, [33mMapPin[0m, [33mX[0m, [33mTruck[0m } [36mfrom[0m [32m"lucide-rea...[0m
  [90m 8 |[0m [36mimport[0m { [33mOrder[0m } [36mfrom[0m [32m"@/types/order"[0m;;
[31m[1m>[0m [90m 9 |[0m [36mimport[0m { [33mDeliveryPhotoUpload[0m } [36mfrom[0m [32m"@/components/delivery
-photo-upload"[0m;
  [90m   |[0m [31m[1m^^^^^^^^^^^^^^^^^^^^^^^^^^^^^^^^^^^^^^^^^^^^^^^^^^^^^^^^^^^^^^^^^^^^^^^^^[0m
  [90m10 |[0m [36mimport[0m { useAuth } [36mfrom[0m [32m"@/hooks/use-auth"[0m;
  [90m11 |[0m
  [90m12 |[0m [36minterface[0m [33mDeliveryTableProps[0m {

Import map: aliased to relative './src/components/delivery-photo-upload' inside of [project]/


Import traces:
  Client Component Browser:
    ./src/app/dashboard/pickup-delivery/components/DeliveryTable.tsx [Client Component Browser]
    ./src/app/dashboard/pickup-delivery/page.tsx [Client Component Browser]
    ./src/app/dashboard/pickup-delivery/page.tsx [Server Component]

  Client Component SSR:
    ./src/app/dashboard/pickup-delivery/components/DeliveryTable.tsx [Client Component SSR]
    ./src/app/dashboard/pickup-delivery/page.tsx [Client Component SSR]
    ./src/app/dashboard/pickup-delivery/page.tsx [Server Component]

https://nextjs.org/docs/messages/module-not-found


./src/app/dashboard/pickup-delivery/page.tsx:19:1
Module not found: Can't resolve '@/hooks/use-branches'
  [90m17 |[0m [36mimport[0m { [33mSelect[0m, [33mSelectContent[0m, [33mSelectItem[0m, [33mSelectTrigger[0m,
 [33mSelectValue[0m } [36mfrom[0m [32m"@/component...[0m
  [90m18 |[0m [36mimport[0m { [33mRadioGroup[0m, [33mRadioGroupItem[0m } [36mfrom[0m [32m"@/components/ui/ra
dio-group"[0m;
[31m[1m>[0m [90m19 |[0m [36mimport[0m { useBranches, [33mBranch[0m } [36mfrom[0m [32m"@/hooks/use-branches"
[0m;
  [90m   |[0m [31m[1m^^^^^^^^^^^^^^^^^^^^^^^^^^^^^^^^^^^^^^^^^^^^^^^^^^^^^^^^^^^[0m
  [90m20 |[0m [36mimport[0m [33mTextarea[0m [36mfrom[0m [32m"@/components/ui/textarea"[0m;
  [90m21 |[0m [36mimport[0m { [33mTabs[0m, [33mTabsContent[0m, [33mTabsList[0m, [33mTabsTrigger[0m } [36mf
rom[0m [32m"@/components/ui/tabs"[0m;
  [90m22 |[0m [36mimport[0m { toast } [36mfrom[0m [32m"sonner"[0m;

Import map: aliased to relative './src/hooks/use-branches' inside of [project]/


Import traces:
  Client Component Browser:
    ./src/app/dashboard/pickup-delivery/page.tsx [Client Component Browser]
    ./src/app/dashboard/pickup-delivery/page.tsx [Server Component]

  Client Component SSR:
    ./src/app/dashboard/pickup-delivery/page.tsx [Client Component SSR]
    ./src/app/dashboard/pickup-delivery/page.tsx [Server Component]

https://nextjs.org/docs/messages/module-not-found


./src/app/dashboard/orders/new-mobile/page.tsx:28:1
Module not found: Can't resolve '@/hooks/use-discount-settings'
  [90m26 |[0m [36mimport[0m { enqueuePrintJob } [36mfrom[0m [32m"@/lib/print-service"[0m;
  [90m27 |[0m [36mimport[0m { useAuth } [36mfrom[0m [32m"@/hooks/use-auth"[0m;
[31m[1m>[0m [90m28 |[0m [36mimport[0m { useDiscountSettings } [36mfrom[0m [32m"@/hooks/use-discount-settings"
[0m;
  [90m   |[0m [31m[1m^^^^^^^^^^^^^^^^^^^^^^^^^^^^^^^^^^^^^^^^^^^^^^^^^^^^^^^^^^^^^^^^^^^^[0m
  [90m29 |[0m [36mimport[0m { createClient } [36mfrom[0m [32m'@/utils/supabase/client'[0m;
  [90m30 |[0m [36mconst[0m supabase = createClient();
  [90m31 |[0m [36mimport[0m { debounce } [36mfrom[0m [32m"lodash"[0m;

Import map: aliased to relative './src/hooks/use-discount-settings' inside of [project]/


Import traces:
  Client Component Browser:
    ./src/app/dashboard/orders/new-mobile/page.tsx [Client Component Browser]
    ./src/app/dashboard/orders/new-mobile/page.tsx [Server Component]

  Client Component SSR:
    ./src/app/dashboard/orders/new-mobile/page.tsx [Client Component SSR]
    ./src/app/dashboard/orders/new-mobile/page.tsx [Server Component]

https://nextjs.org/docs/messages/module-not-found


./src/app/dashboard/orders/print-message/page.tsx:4:1
Module not found: Can't resolve '@/lib/supabase'
  [90m2 |[0m
  [90m3 |[0m [36mimport[0m { [33mSuspense[0m, useEffect, useState } [36mfrom[0m [32m'react'[0m;
[31m[1m>[0m [90m4 |[0m [36mimport[0m { supabase } [36mfrom[0m [32m'@/lib/supabase'[0m;
  [90m  |[0m [31m[1m^^^^^^^^^^^^^^^^^^^^^^^^^^^^^^^^^^^^^^^^^^[0m
  [90m5 |[0m [36mimport[0m { [33mSkeleton[0m } [36mfrom[0m [32m'@/components/ui/skeleton'[0m;
  [90m6 |[0m [36mimport[0m { [33mMessagePrintLayout[0m } [36mfrom[0m [32m'./components/message-print-layout'[
0m;
  [90m7 |[0m [36mimport[0m [36mtype[0m { [33mOrder[0m [36mas[0m [33mOrderType[0m } [36mfrom[0m [32m'@/ho
oks/use-orders'[0m;

Import map: aliased to relative './src/lib/supabase' inside of [project]/


Import traces:
  Client Component Browser:
    ./src/app/dashboard/orders/print-message/page.tsx [Client Component Browser]
    ./src/app/dashboard/orders/print-message/page.tsx [Server Component]

  Client Component SSR:
    ./src/app/dashboard/orders/print-message/page.tsx [Client Component SSR]
    ./src/app/dashboard/orders/print-message/page.tsx [Server Component]

https://nextjs.org/docs/messages/module-not-found


    at <unknown> (./src/app/dashboard/pickup-delivery/components/DeliverySettingsDialog.tsx:12:1)
    at <unknown> (https://nextjs.org/docs/messages/module-not-found)
    at <unknown> (./src/app/dashboard/pickup-delivery/components/DeliveryTable.tsx:9:1)
    at <unknown> (https://nextjs.org/docs/messages/module-not-found)
    at <unknown> (./src/app/dashboard/pickup-delivery/page.tsx:19:1)
    at <unknown> (https://nextjs.org/docs/messages/module-not-found)
    at <unknown> (./src/app/dashboard/orders/new-mobile/page.tsx:28:1)
    at <unknown> (https://nextjs.org/docs/messages/module-not-found)
    at <unknown> (./src/app/dashboard/orders/print-message/page.tsx:4:1)
    at <unknown> (https://nextjs.org/docs/messages/module-not-found)
