src/app/dashboard/printer/components/App.tsx(24,35): error TS6142: Module './FontManagerDialog' was resolved to 'D:/mapp/florasync-saas/src/app/dashboard/printer/components/FontManagerDialog.tsx', but '--jsx' is not set.
src/app/dashboard/printer/components/App.tsx(25,39): error TS6142: Module './TemplateManagerDialog' was resolved to 'D:/mapp/florasync-saas/src/app/dashboard/printer/components/TemplateManagerDialog.tsx', but '--jsx' is not set.
src/app/dashboard/printer/components/App.tsx(26,37): error TS6142: Module './PhraseManagerDialog' was resolved to 'D:/mapp/florasync-saas/src/app/dashboard/printer/components/PhraseManagerDialog.tsx', but '--jsx' is not set.
src/app/dashboard/printer/components/App.tsx(27,30): error TS6142: Module './ManualDialog' was resolved to 'D:/mapp/florasync-saas/src/app/dashboard/printer/components/ManualDialog.tsx', but '--jsx' is not set.
src/app/dashboard/printer/components/App.tsx(31,40): error TS6142: Module './BridgeOnboardingDialog' was resolved to 'D:/mapp/florasync-saas/src/app/dashboard/printer/components/BridgeOnboardingDialog.tsx', but '--jsx' is not set.
src/app/dashboard/printer/components/App.tsx(97,5): error TS17004: Cannot use JSX unless the '--jsx' flag is provided.
src/app/dashboard/printer/components/App.tsx(98,7): error TS17004: Cannot use JSX unless the '--jsx' flag is provided.
src/app/dashboard/printer/components/App.tsx(102,9): error TS17004: Cannot use JSX unless the '--jsx' flag is provided.
src/app/dashboard/printer/components/App.tsx(103,9): error TS17004: Cannot use JSX unless the '--jsx' flag is provided.
src/app/dashboard/printer/components/App.tsx(107,9): error TS17004: Cannot use JSX unless the '--jsx' flag is provided.
src/app/dashboard/printer/components/App.tsx(108,11): error TS17004: Cannot use JSX unless the '--jsx' flag is provided.
src/app/dashboard/printer/components/App.tsx(109,14): error TS17004: Cannot use JSX unless the '--jsx' flag is provided.
src/app/dashboard/printer/components/App.tsx(110,14): error TS17004: Cannot use JSX unless the '--jsx' flag is provided.
src/app/dashboard/printer/components/App.tsx(118,11): error TS17004: Cannot use JSX unless the '--jsx' flag is provided.
src/app/dashboard/printer/components/App.tsx(119,45): error TS17004: Cannot use JSX unless the '--jsx' flag is provided.
src/app/dashboard/printer/components/App.tsx(121,16): error TS17004: Cannot use JSX unless the '--jsx' flag is provided.
src/app/dashboard/printer/components/App.tsx(129,18): error TS17004: Cannot use JSX unless the '--jsx' flag is provided.
src/app/dashboard/printer/components/App.tsx(130,20): error TS17004: Cannot use JSX unless the '--jsx' flag is provided.
src/app/dashboard/printer/components/App.tsx(131,22): error TS17004: Cannot use JSX unless the '--jsx' flag is provided.
src/app/dashboard/printer/components/App.tsx(132,22): error TS17004: Cannot use JSX unless the '--jsx' flag is provided.
src/app/dashboard/printer/components/App.tsx(134,42): error TS17004: Cannot use JSX unless the '--jsx' flag is provided.
src/app/dashboard/printer/components/App.tsx(142,16): error TS17004: Cannot use JSX unless the '--jsx' flag is provided.
src/app/dashboard/printer/components/App.tsx(294,72): error TS1501: This regular expression flag is only available when targeting 'es6' or later.
src/app/dashboard/printer/components/App.tsx(387,5): error TS17004: Cannot use JSX unless the '--jsx' flag is provided.
src/app/dashboard/printer/components/App.tsx(401,9): error TS17004: Cannot use JSX unless the '--jsx' flag is provided.
src/app/dashboard/printer/components/App.tsx(402,11): error TS17004: Cannot use JSX unless the '--jsx' flag is provided.
src/app/dashboard/printer/components/App.tsx(413,13): error TS17004: Cannot use JSX unless the '--jsx' flag is provided.
src/app/dashboard/printer/components/App.tsx(414,13): error TS17004: Cannot use JSX unless the '--jsx' flag is provided.
src/app/dashboard/printer/components/App.tsx(415,13): error TS17004: Cannot use JSX unless the '--jsx' flag is provided.
src/app/dashboard/printer/components/App.tsx(419,11): error TS17004: Cannot use JSX unless the '--jsx' flag is provided.
src/app/dashboard/printer/components/App.tsx(429,13): error TS17004: Cannot use JSX unless the '--jsx' flag is provided.
src/app/dashboard/printer/components/App.tsx(441,11): error TS17004: Cannot use JSX unless the '--jsx' flag is provided.
src/app/dashboard/printer/components/App.tsx(451,13): error TS17004: Cannot use JSX unless the '--jsx' flag is provided.
src/app/dashboard/printer/components/App.tsx(466,7): error TS17004: Cannot use JSX unless the '--jsx' flag is provided.
src/app/dashboard/printer/components/App.tsx(470,11): error TS17004: Cannot use JSX unless the '--jsx' flag is provided.
src/app/dashboard/printer/components/App.tsx(471,13): error TS17004: Cannot use JSX unless the '--jsx' flag is provided.
src/app/dashboard/printer/components/App.tsx(472,16): error TS17004: Cannot use JSX unless the '--jsx' flag is provided.
src/app/dashboard/printer/components/App.tsx(474,13): error TS17004: Cannot use JSX unless the '--jsx' flag is provided.
src/app/dashboard/printer/components/App.tsx(475,16): error TS17004: Cannot use JSX unless the '--jsx' flag is provided.
src/app/dashboard/printer/components/App.tsx(481,9): error TS17004: Cannot use JSX unless the '--jsx' flag is provided.
src/app/dashboard/printer/components/App.tsx(530,15): error TS17004: Cannot use JSX unless the '--jsx' flag is provided.
src/app/dashboard/printer/components/App.tsx(547,28): error TS17004: Cannot use JSX unless the '--jsx' flag is provided.
src/app/dashboard/printer/components/App.tsx(559,26): error TS17004: Cannot use JSX unless the '--jsx' flag is provided.
src/app/dashboard/printer/components/App.tsx(566,31): error TS17004: Cannot use JSX unless the '--jsx' flag is provided.
src/app/dashboard/printer/components/App.tsx(580,23): error TS17004: Cannot use JSX unless the '--jsx' flag is provided.
src/app/dashboard/printer/components/App.tsx(586,26): error TS17004: Cannot use JSX unless the '--jsx' flag is provided.
src/app/dashboard/printer/components/App.tsx(588,30): error TS17004: Cannot use JSX unless the '--jsx' flag is provided.
src/app/dashboard/printer/components/App.tsx(607,23): error TS17004: Cannot use JSX unless the '--jsx' flag is provided.
src/app/dashboard/printer/components/App.tsx(617,28): error TS17004: Cannot use JSX unless the '--jsx' flag is provided.
src/app/dashboard/printer/components/App.tsx(640,25): error TS17004: Cannot use JSX unless the '--jsx' flag is provided.
src/app/dashboard/printer/components/App.tsx(647,29): error TS17004: Cannot use JSX unless the '--jsx' flag is provided.
src/app/dashboard/printer/components/App.tsx(656,27): error TS17004: Cannot use JSX unless the '--jsx' flag is provided.
src/app/dashboard/printer/components/App.tsx(658,29): error TS17004: Cannot use JSX unless the '--jsx' flag is provided.
src/app/dashboard/printer/components/App.tsx(673,23): error TS17004: Cannot use JSX unless the '--jsx' flag is provided.
src/app/dashboard/printer/components/App.tsx(679,26): error TS17004: Cannot use JSX unless the '--jsx' flag is provided.
src/app/dashboard/printer/components/App.tsx(681,30): error TS17004: Cannot use JSX unless the '--jsx' flag is provided.
src/app/dashboard/printer/components/App.tsx(682,32): error TS17004: Cannot use JSX unless the '--jsx' flag is provided.
src/app/dashboard/printer/components/App.tsx(692,26): error TS17004: Cannot use JSX unless the '--jsx' flag is provided.
src/app/dashboard/printer/components/App.tsx(694,30): error TS17004: Cannot use JSX unless the '--jsx' flag is provided.
src/app/dashboard/printer/components/App.tsx(695,32): error TS17004: Cannot use JSX unless the '--jsx' flag is provided.
src/app/dashboard/printer/components/App.tsx(712,21): error TS17004: Cannot use JSX unless the '--jsx' flag is provided.
src/app/dashboard/printer/components/App.tsx(718,23): error TS17004: Cannot use JSX unless the '--jsx' flag is provided.
src/app/dashboard/printer/components/App.tsx(1218,5): error TS17004: Cannot use JSX unless the '--jsx' flag is provided.
src/app/dashboard/printer/components/App.tsx(1221,7): error TS17004: Cannot use JSX unless the '--jsx' flag is provided.
src/app/dashboard/printer/components/App.tsx(1227,9): error TS17004: Cannot use JSX unless the '--jsx' flag is provided.
src/app/dashboard/printer/components/App.tsx(1228,11): error TS17004: Cannot use JSX unless the '--jsx' flag is provided.
src/app/dashboard/printer/components/App.tsx(1229,13): error TS17004: Cannot use JSX unless the '--jsx' flag is provided.
src/app/dashboard/printer/components/App.tsx(1230,15): error TS17004: Cannot use JSX unless the '--jsx' flag is provided.
src/app/dashboard/printer/components/App.tsx(1231,17): error TS17004: Cannot use JSX unless the '--jsx' flag is provided.
src/app/dashboard/printer/components/App.tsx(1232,17): error TS17004: Cannot use JSX unless the '--jsx' flag is provided.
src/app/dashboard/printer/components/App.tsx(1234,15): error TS17004: Cannot use JSX unless the '--jsx' flag is provided.
src/app/dashboard/printer/components/App.tsx(1236,13): error TS17004: Cannot use JSX unless the '--jsx' flag is provided.
src/app/dashboard/printer/components/App.tsx(1241,15): error TS17004: Cannot use JSX unless the '--jsx' flag is provided.
src/app/dashboard/printer/components/App.tsx(1244,13): error TS17004: Cannot use JSX unless the '--jsx' flag is provided.
src/app/dashboard/printer/components/App.tsx(1245,15): error TS17004: Cannot use JSX unless the '--jsx' flag is provided.
src/app/dashboard/printer/components/App.tsx(1249,17): error TS17004: Cannot use JSX unless the '--jsx' flag is provided.
src/app/dashboard/printer/components/App.tsx(1252,15): error TS17004: Cannot use JSX unless the '--jsx' flag is provided.
src/app/dashboard/printer/components/App.tsx(1257,17): error TS17004: Cannot use JSX unless the '--jsx' flag is provided.
src/app/dashboard/printer/components/App.tsx(1260,13): error TS17004: Cannot use JSX unless the '--jsx' flag is provided.
src/app/dashboard/printer/components/App.tsx(1264,15): error TS17004: Cannot use JSX unless the '--jsx' flag is provided.
src/app/dashboard/printer/components/App.tsx(1268,9): error TS17004: Cannot use JSX unless the '--jsx' flag is provided.
src/app/dashboard/printer/components/App.tsx(1269,11): error TS17004: Cannot use JSX unless the '--jsx' flag is provided.
src/app/dashboard/printer/components/App.tsx(1271,13): error TS17004: Cannot use JSX unless the '--jsx' flag is provided.
src/app/dashboard/printer/components/App.tsx(1275,13): error TS17004: Cannot use JSX unless the '--jsx' flag is provided.
src/app/dashboard/printer/components/App.tsx(1292,9): error TS17004: Cannot use JSX unless the '--jsx' flag is provided.
src/app/dashboard/printer/components/App.tsx(1293,11): error TS17004: Cannot use JSX unless the '--jsx' flag is provided.
src/app/dashboard/printer/components/App.tsx(1294,13): error TS17004: Cannot use JSX unless the '--jsx' flag is provided.
src/app/dashboard/printer/components/App.tsx(1296,11): error TS17004: Cannot use JSX unless the '--jsx' flag is provided.
src/app/dashboard/printer/components/App.tsx(1297,13): error TS17004: Cannot use JSX unless the '--jsx' flag is provided.
src/app/dashboard/printer/components/App.tsx(1298,13): error TS17004: Cannot use JSX unless the '--jsx' flag is provided.
src/app/dashboard/printer/components/App.tsx(1303,38): error TS17004: Cannot use JSX unless the '--jsx' flag is provided.
src/app/dashboard/printer/components/App.tsx(1306,11): error TS17004: Cannot use JSX unless the '--jsx' flag is provided.
src/app/dashboard/printer/components/App.tsx(1307,13): error TS17004: Cannot use JSX unless the '--jsx' flag is provided.
src/app/dashboard/printer/components/App.tsx(1308,15): error TS17004: Cannot use JSX unless the '--jsx' flag is provided.
src/app/dashboard/printer/components/App.tsx(1309,15): error TS17004: Cannot use JSX unless the '--jsx' flag is provided.
src/app/dashboard/printer/components/App.tsx(1311,13): error TS17004: Cannot use JSX unless the '--jsx' flag is provided.
src/app/dashboard/printer/components/App.tsx(1312,15): error TS17004: Cannot use JSX unless the '--jsx' flag is provided.
src/app/dashboard/printer/components/App.tsx(1313,15): error TS17004: Cannot use JSX unless the '--jsx' flag is provided.
src/app/dashboard/printer/components/App.tsx(1317,11): error TS17004: Cannot use JSX unless the '--jsx' flag is provided.
src/app/dashboard/printer/components/App.tsx(1318,13): error TS17004: Cannot use JSX unless the '--jsx' flag is provided.
src/app/dashboard/printer/components/App.tsx(1319,13): error TS17004: Cannot use JSX unless the '--jsx' flag is provided.
src/app/dashboard/printer/components/App.tsx(1320,15): error TS17004: Cannot use JSX unless the '--jsx' flag is provided.
src/app/dashboard/printer/components/App.tsx(1321,18): error TS17004: Cannot use JSX unless the '--jsx' flag is provided.
src/app/dashboard/printer/components/App.tsx(1325,18): error TS17004: Cannot use JSX unless the '--jsx' flag is provided.
src/app/dashboard/printer/components/App.tsx(1329,18): error TS17004: Cannot use JSX unless the '--jsx' flag is provided.
src/app/dashboard/printer/components/App.tsx(1335,15): error TS17004: Cannot use JSX unless the '--jsx' flag is provided.
src/app/dashboard/printer/components/App.tsx(1337,20): error TS17004: Cannot use JSX unless the '--jsx' flag is provided.
src/app/dashboard/printer/components/App.tsx(1343,24): error TS17004: Cannot use JSX unless the '--jsx' flag is provided.
src/app/dashboard/printer/components/App.tsx(1347,20): error TS17004: Cannot use JSX unless the '--jsx' flag is provided.
src/app/dashboard/printer/components/App.tsx(1349,18): error TS17004: Cannot use JSX unless the '--jsx' flag is provided.
src/app/dashboard/printer/components/App.tsx(1354,20): error TS17004: Cannot use JSX unless the '--jsx' flag is provided.
src/app/dashboard/printer/components/App.tsx(1355,20): error TS17004: Cannot use JSX unless the '--jsx' flag is provided.
src/app/dashboard/printer/components/App.tsx(1357,18): error TS17004: Cannot use JSX unless the '--jsx' flag is provided.
src/app/dashboard/printer/components/App.tsx(1362,20): error TS17004: Cannot use JSX unless the '--jsx' flag is provided.
src/app/dashboard/printer/components/App.tsx(1363,20): error TS17004: Cannot use JSX unless the '--jsx' flag is provided.
src/app/dashboard/printer/components/App.tsx(1369,11): error TS17004: Cannot use JSX unless the '--jsx' flag is provided.
src/app/dashboard/printer/components/App.tsx(1370,13): error TS17004: Cannot use JSX unless the '--jsx' flag is provided.
src/app/dashboard/printer/components/App.tsx(1371,15): error TS17004: Cannot use JSX unless the '--jsx' flag is provided.
src/app/dashboard/printer/components/App.tsx(1372,15): error TS17004: Cannot use JSX unless the '--jsx' flag is provided.
src/app/dashboard/printer/components/App.tsx(1373,17): error TS17004: Cannot use JSX unless the '--jsx' flag is provided.
src/app/dashboard/printer/components/App.tsx(1374,17): error TS17004: Cannot use JSX unless the '--jsx' flag is provided.
src/app/dashboard/printer/components/App.tsx(1378,15): error TS17004: Cannot use JSX unless the '--jsx' flag is provided.
src/app/dashboard/printer/components/App.tsx(1379,17): error TS17004: Cannot use JSX unless the '--jsx' flag is provided.
src/app/dashboard/printer/components/App.tsx(1384,13): error TS17004: Cannot use JSX unless the '--jsx' flag is provided.
src/app/dashboard/printer/components/App.tsx(1385,15): error TS17004: Cannot use JSX unless the '--jsx' flag is provided.
src/app/dashboard/printer/components/App.tsx(1390,43): error TS17004: Cannot use JSX unless the '--jsx' flag is provided.
src/app/dashboard/printer/components/App.tsx(1392,19): error TS17004: Cannot use JSX unless the '--jsx' flag is provided.
src/app/dashboard/printer/components/App.tsx(1397,15): error TS17004: Cannot use JSX unless the '--jsx' flag is provided.
src/app/dashboard/printer/components/App.tsx(1413,17): error TS17004: Cannot use JSX unless the '--jsx' flag is provided.
src/app/dashboard/printer/components/App.tsx(1417,11): error TS17004: Cannot use JSX unless the '--jsx' flag is provided.
src/app/dashboard/printer/components/App.tsx(1418,13): error TS17004: Cannot use JSX unless the '--jsx' flag is provided.
src/app/dashboard/printer/components/App.tsx(1419,15): error TS17004: Cannot use JSX unless the '--jsx' flag is provided.
src/app/dashboard/printer/components/App.tsx(1420,15): error TS17004: Cannot use JSX unless the '--jsx' flag is provided.
src/app/dashboard/printer/components/App.tsx(1422,13): error TS17004: Cannot use JSX unless the '--jsx' flag is provided.
src/app/dashboard/printer/components/App.tsx(1423,15): error TS17004: Cannot use JSX unless the '--jsx' flag is provided.
src/app/dashboard/printer/components/App.tsx(1424,15): error TS17004: Cannot use JSX unless the '--jsx' flag is provided.
src/app/dashboard/printer/components/App.tsx(1426,13): error TS17004: Cannot use JSX unless the '--jsx' flag is provided.
src/app/dashboard/printer/components/App.tsx(1427,15): error TS17004: Cannot use JSX unless the '--jsx' flag is provided.
src/app/dashboard/printer/components/App.tsx(1428,15): error TS17004: Cannot use JSX unless the '--jsx' flag is provided.
src/app/dashboard/printer/components/App.tsx(1434,9): error TS17004: Cannot use JSX unless the '--jsx' flag is provided.
src/app/dashboard/printer/components/App.tsx(1435,11): error TS17004: Cannot use JSX unless the '--jsx' flag is provided.
src/app/dashboard/printer/components/App.tsx(1436,13): error TS17004: Cannot use JSX unless the '--jsx' flag is provided.
src/app/dashboard/printer/components/App.tsx(1436,54): error TS17004: Cannot use JSX unless the '--jsx' flag is provided.
src/app/dashboard/printer/components/App.tsx(1437,13): error TS17004: Cannot use JSX unless the '--jsx' flag is provided.
src/app/dashboard/printer/components/App.tsx(1438,15): error TS17004: Cannot use JSX unless the '--jsx' flag is provided.
src/app/dashboard/printer/components/App.tsx(1443,17): error TS17004: Cannot use JSX unless the '--jsx' flag is provided.
src/app/dashboard/printer/components/App.tsx(1445,15): error TS17004: Cannot use JSX unless the '--jsx' flag is provided.
src/app/dashboard/printer/components/App.tsx(1450,17): error TS17004: Cannot use JSX unless the '--jsx' flag is provided.
src/app/dashboard/printer/components/App.tsx(1452,15): error TS17004: Cannot use JSX unless the '--jsx' flag is provided.
src/app/dashboard/printer/components/App.tsx(1458,11): error TS17004: Cannot use JSX unless the '--jsx' flag is provided.
src/app/dashboard/printer/components/App.tsx(1466,11): error TS17004: Cannot use JSX unless the '--jsx' flag is provided.
src/app/dashboard/printer/components/App.tsx(1467,13): error TS17004: Cannot use JSX unless the '--jsx' flag is provided.
src/app/dashboard/printer/components/App.tsx(1468,15): error TS17004: Cannot use JSX unless the '--jsx' flag is provided.
src/app/dashboard/printer/components/App.tsx(1469,15): error TS17004: Cannot use JSX unless the '--jsx' flag is provided.
src/app/dashboard/printer/components/App.tsx(1471,19): error TS17004: Cannot use JSX unless the '--jsx' flag is provided.
src/app/dashboard/printer/components/App.tsx(1485,13): error TS17004: Cannot use JSX unless the '--jsx' flag is provided.
src/app/dashboard/printer/components/App.tsx(1486,15): error TS17004: Cannot use JSX unless the '--jsx' flag is provided.
src/app/dashboard/printer/components/App.tsx(1487,17): error TS17004: Cannot use JSX unless the '--jsx' flag is provided.
src/app/dashboard/printer/components/App.tsx(1494,15): error TS17004: Cannot use JSX unless the '--jsx' flag is provided.
src/app/dashboard/printer/components/App.tsx(1500,18): error TS17004: Cannot use JSX unless the '--jsx' flag is provided.
src/app/dashboard/printer/components/App.tsx(1504,13): error TS17004: Cannot use JSX unless the '--jsx' flag is provided.
src/app/dashboard/printer/components/App.tsx(1505,15): error TS17004: Cannot use JSX unless the '--jsx' flag is provided.
src/app/dashboard/printer/components/App.tsx(1506,18): error TS17004: Cannot use JSX unless the '--jsx' flag is provided.
src/app/dashboard/printer/components/App.tsx(1507,18): error TS17004: Cannot use JSX unless the '--jsx' flag is provided.
src/app/dashboard/printer/components/App.tsx(1509,15): error TS17004: Cannot use JSX unless the '--jsx' flag is provided.
src/app/dashboard/printer/components/App.tsx(1510,18): error TS17004: Cannot use JSX unless the '--jsx' flag is provided.
src/app/dashboard/printer/components/App.tsx(1511,18): error TS17004: Cannot use JSX unless the '--jsx' flag is provided.
src/app/dashboard/printer/components/App.tsx(1515,13): error TS17004: Cannot use JSX unless the '--jsx' flag is provided.
src/app/dashboard/printer/components/App.tsx(1516,15): error TS17004: Cannot use JSX unless the '--jsx' flag is provided.
src/app/dashboard/printer/components/App.tsx(1517,17): error TS17004: Cannot use JSX unless the '--jsx' flag is provided.
src/app/dashboard/printer/components/App.tsx(1518,17): error TS17004: Cannot use JSX unless the '--jsx' flag is provided.
src/app/dashboard/printer/components/App.tsx(1520,15): error TS17004: Cannot use JSX unless the '--jsx' flag is provided.
src/app/dashboard/printer/components/App.tsx(1532,9): error TS17004: Cannot use JSX unless the '--jsx' flag is provided.
src/app/dashboard/printer/components/App.tsx(1533,11): error TS17004: Cannot use JSX unless the '--jsx' flag is provided.
src/app/dashboard/printer/components/App.tsx(1534,13): error TS17004: Cannot use JSX unless the '--jsx' flag is provided.
src/app/dashboard/printer/components/App.tsx(1534,54): error TS17004: Cannot use JSX unless the '--jsx' flag is provided.
src/app/dashboard/printer/components/App.tsx(1535,13): error TS17004: Cannot use JSX unless the '--jsx' flag is provided.
src/app/dashboard/printer/components/App.tsx(1536,15): error TS17004: Cannot use JSX unless the '--jsx' flag is provided.
src/app/dashboard/printer/components/App.tsx(1541,17): error TS17004: Cannot use JSX unless the '--jsx' flag is provided.
src/app/dashboard/printer/components/App.tsx(1543,15): error TS17004: Cannot use JSX unless the '--jsx' flag is provided.
src/app/dashboard/printer/components/App.tsx(1548,17): error TS17004: Cannot use JSX unless the '--jsx' flag is provided.
src/app/dashboard/printer/components/App.tsx(1550,15): error TS17004: Cannot use JSX unless the '--jsx' flag is provided.
src/app/dashboard/printer/components/App.tsx(1556,11): error TS17004: Cannot use JSX unless the '--jsx' flag is provided.
src/app/dashboard/printer/components/App.tsx(1564,11): error TS17004: Cannot use JSX unless the '--jsx' flag is provided.
src/app/dashboard/printer/components/App.tsx(1565,13): error TS17004: Cannot use JSX unless the '--jsx' flag is provided.
src/app/dashboard/printer/components/App.tsx(1566,15): error TS17004: Cannot use JSX unless the '--jsx' flag is provided.
src/app/dashboard/printer/components/App.tsx(1567,15): error TS17004: Cannot use JSX unless the '--jsx' flag is provided.
src/app/dashboard/printer/components/App.tsx(1569,19): error TS17004: Cannot use JSX unless the '--jsx' flag is provided.
src/app/dashboard/printer/components/App.tsx(1582,13): error TS17004: Cannot use JSX unless the '--jsx' flag is provided.
src/app/dashboard/printer/components/App.tsx(1583,15): error TS17004: Cannot use JSX unless the '--jsx' flag is provided.
src/app/dashboard/printer/components/App.tsx(1584,17): error TS17004: Cannot use JSX unless the '--jsx' flag is provided.
src/app/dashboard/printer/components/App.tsx(1591,15): error TS17004: Cannot use JSX unless the '--jsx' flag is provided.
src/app/dashboard/printer/components/App.tsx(1597,18): error TS17004: Cannot use JSX unless the '--jsx' flag is provided.
src/app/dashboard/printer/components/App.tsx(1601,13): error TS17004: Cannot use JSX unless the '--jsx' flag is provided.
src/app/dashboard/printer/components/App.tsx(1602,15): error TS17004: Cannot use JSX unless the '--jsx' flag is provided.
src/app/dashboard/printer/components/App.tsx(1603,18): error TS17004: Cannot use JSX unless the '--jsx' flag is provided.
src/app/dashboard/printer/components/App.tsx(1604,18): error TS17004: Cannot use JSX unless the '--jsx' flag is provided.
src/app/dashboard/printer/components/App.tsx(1606,15): error TS17004: Cannot use JSX unless the '--jsx' flag is provided.
src/app/dashboard/printer/components/App.tsx(1607,18): error TS17004: Cannot use JSX unless the '--jsx' flag is provided.
src/app/dashboard/printer/components/App.tsx(1608,18): error TS17004: Cannot use JSX unless the '--jsx' flag is provided.
src/app/dashboard/printer/components/App.tsx(1612,13): error TS17004: Cannot use JSX unless the '--jsx' flag is provided.
src/app/dashboard/printer/components/App.tsx(1613,15): error TS17004: Cannot use JSX unless the '--jsx' flag is provided.
src/app/dashboard/printer/components/App.tsx(1614,17): error TS17004: Cannot use JSX unless the '--jsx' flag is provided.
src/app/dashboard/printer/components/App.tsx(1615,17): error TS17004: Cannot use JSX unless the '--jsx' flag is provided.
src/app/dashboard/printer/components/App.tsx(1617,15): error TS17004: Cannot use JSX unless the '--jsx' flag is provided.
src/app/dashboard/printer/components/App.tsx(1629,9): error TS17004: Cannot use JSX unless the '--jsx' flag is provided.
src/app/dashboard/printer/components/App.tsx(1630,11): error TS17004: Cannot use JSX unless the '--jsx' flag is provided.
src/app/dashboard/printer/components/App.tsx(1631,14): error TS17004: Cannot use JSX unless the '--jsx' flag is provided.
src/app/dashboard/printer/components/App.tsx(1632,16): error TS17004: Cannot use JSX unless the '--jsx' flag is provided.
src/app/dashboard/printer/components/App.tsx(1633,16): error TS17004: Cannot use JSX unless the '--jsx' flag is provided.
src/app/dashboard/printer/components/App.tsx(1634,18): error TS17004: Cannot use JSX unless the '--jsx' flag is provided.
src/app/dashboard/printer/components/App.tsx(1637,14): error TS17004: Cannot use JSX unless the '--jsx' flag is provided.
src/app/dashboard/printer/components/App.tsx(1642,52): error TS17004: Cannot use JSX unless the '--jsx' flag is provided.
src/app/dashboard/printer/components/App.tsx(1645,11): error TS17004: Cannot use JSX unless the '--jsx' flag is provided.
src/app/dashboard/printer/components/App.tsx(1647,16): error TS17004: Cannot use JSX unless the '--jsx' flag is provided.
src/app/dashboard/printer/components/App.tsx(1655,18): error TS17004: Cannot use JSX unless the '--jsx' flag is provided.
src/app/dashboard/printer/components/App.tsx(1656,18): error TS17004: Cannot use JSX unless the '--jsx' flag is provided.
src/app/dashboard/printer/components/App.tsx(1663,9): error TS17004: Cannot use JSX unless the '--jsx' flag is provided.
src/app/dashboard/printer/components/App.tsx(1664,11): error TS17004: Cannot use JSX unless the '--jsx' flag is provided.
src/app/dashboard/printer/components/App.tsx(1665,11): error TS17004: Cannot use JSX unless the '--jsx' flag is provided.
src/app/dashboard/printer/components/App.tsx(1667,16): error TS17004: Cannot use JSX unless the '--jsx' flag is provided.
src/app/dashboard/printer/components/App.tsx(1679,9): error TS17004: Cannot use JSX unless the '--jsx' flag is provided.
src/app/dashboard/printer/components/App.tsx(1680,11): error TS17004: Cannot use JSX unless the '--jsx' flag is provided.
src/app/dashboard/printer/components/App.tsx(1684,13): error TS17004: Cannot use JSX unless the '--jsx' flag is provided.
src/app/dashboard/printer/components/App.tsx(1690,9): error TS17004: Cannot use JSX unless the '--jsx' flag is provided.
src/app/dashboard/printer/components/App.tsx(1691,11): error TS17004: Cannot use JSX unless the '--jsx' flag is provided.
src/app/dashboard/printer/components/App.tsx(1692,13): error TS17004: Cannot use JSX unless the '--jsx' flag is provided.
src/app/dashboard/printer/components/App.tsx(1695,13): error TS17004: Cannot use JSX unless the '--jsx' flag is provided.
src/app/dashboard/printer/components/App.tsx(1696,13): error TS17004: Cannot use JSX unless the '--jsx' flag is provided.
src/app/dashboard/printer/components/App.tsx(1697,15): error TS17004: Cannot use JSX unless the '--jsx' flag is provided.
src/app/dashboard/printer/components/App.tsx(1698,17): error TS17004: Cannot use JSX unless the '--jsx' flag is provided.
src/app/dashboard/printer/components/App.tsx(1699,17): error TS17004: Cannot use JSX unless the '--jsx' flag is provided.
src/app/dashboard/printer/components/App.tsx(1701,15): error TS17004: Cannot use JSX unless the '--jsx' flag is provided.
src/app/dashboard/printer/components/App.tsx(1702,17): error TS17004: Cannot use JSX unless the '--jsx' flag is provided.
src/app/dashboard/printer/components/App.tsx(1703,17): error TS17004: Cannot use JSX unless the '--jsx' flag is provided.
src/app/dashboard/printer/components/App.tsx(1711,7): error TS17004: Cannot use JSX unless the '--jsx' flag is provided.
src/app/dashboard/printer/components/App.tsx(1726,11): error TS17004: Cannot use JSX unless the '--jsx' flag is provided.
src/app/dashboard/printer/components/App.tsx(1731,13): error TS17004: Cannot use JSX unless the '--jsx' flag is provided.
src/app/dashboard/printer/components/App.tsx(1738,11): error TS17004: Cannot use JSX unless the '--jsx' flag is provided.
src/app/dashboard/printer/components/App.tsx(1743,13): error TS17004: Cannot use JSX unless the '--jsx' flag is provided.
src/app/dashboard/printer/components/App.tsx(1747,9): error TS17004: Cannot use JSX unless the '--jsx' flag is provided.
src/app/dashboard/printer/components/App.tsx(1749,9): error TS17004: Cannot use JSX unless the '--jsx' flag is provided.
src/app/dashboard/printer/components/App.tsx(1762,11): error TS17004: Cannot use JSX unless the '--jsx' flag is provided.
src/app/dashboard/printer/components/App.tsx(1769,13): error TS17004: Cannot use JSX unless the '--jsx' flag is provided.
src/app/dashboard/printer/components/App.tsx(1770,15): error TS17004: Cannot use JSX unless the '--jsx' flag is provided.
src/app/dashboard/printer/components/App.tsx(1774,15): error TS17004: Cannot use JSX unless the '--jsx' flag is provided.
src/app/dashboard/printer/components/App.tsx(1776,19): error TS17004: Cannot use JSX unless the '--jsx' flag is provided.
src/app/dashboard/printer/components/App.tsx(1777,21): error TS17004: Cannot use JSX unless the '--jsx' flag is provided.
src/app/dashboard/printer/components/App.tsx(1786,19): error TS17004: Cannot use JSX unless the '--jsx' flag is provided.
src/app/dashboard/printer/components/App.tsx(1787,21): error TS17004: Cannot use JSX unless the '--jsx' flag is provided.
src/app/dashboard/printer/components/App.tsx(1796,19): error TS17004: Cannot use JSX unless the '--jsx' flag is provided.
src/app/dashboard/printer/components/App.tsx(1797,21): error TS17004: Cannot use JSX unless the '--jsx' flag is provided.
src/app/dashboard/printer/components/App.tsx(1798,23): error TS17004: Cannot use JSX unless the '--jsx' flag is provided.
src/app/dashboard/printer/components/App.tsx(1806,21): error TS17004: Cannot use JSX unless the '--jsx' flag is provided.
src/app/dashboard/printer/components/App.tsx(1807,21): error TS17004: Cannot use JSX unless the '--jsx' flag is provided.
src/app/dashboard/printer/components/App.tsx(1816,19): error TS17004: Cannot use JSX unless the '--jsx' flag is provided.
src/app/dashboard/printer/components/App.tsx(1817,21): error TS17004: Cannot use JSX unless the '--jsx' flag is provided.
src/app/dashboard/printer/components/App.tsx(1818,23): error TS17004: Cannot use JSX unless the '--jsx' flag is provided.
src/app/dashboard/printer/components/App.tsx(1825,21): error TS17004: Cannot use JSX unless the '--jsx' flag is provided.
src/app/dashboard/printer/components/App.tsx(1826,23): error TS17004: Cannot use JSX unless the '--jsx' flag is provided.
src/app/dashboard/printer/components/App.tsx(1839,13): error TS17004: Cannot use JSX unless the '--jsx' flag is provided.
src/app/dashboard/printer/components/App.tsx(1844,15): error TS17004: Cannot use JSX unless the '--jsx' flag is provided.
src/app/dashboard/printer/components/App.tsx(1851,15): error TS17004: Cannot use JSX unless the '--jsx' flag is provided.
src/app/dashboard/printer/components/App.tsx(1865,9): error TS17004: Cannot use JSX unless the '--jsx' flag is provided.
src/app/dashboard/printer/components/App.tsx(1868,11): error TS17004: Cannot use JSX unless the '--jsx' flag is provided.
src/app/dashboard/printer/components/App.tsx(1872,13): error TS17004: Cannot use JSX unless the '--jsx' flag is provided.
src/app/dashboard/printer/components/App.tsx(1873,13): error TS17004: Cannot use JSX unless the '--jsx' flag is provided.
src/app/dashboard/printer/components/App.tsx(1875,11): error TS17004: Cannot use JSX unless the '--jsx' flag is provided.
src/app/dashboard/printer/components/App.tsx(1876,11): error TS17004: Cannot use JSX unless the '--jsx' flag is provided.
src/app/dashboard/printer/components/App.tsx(1883,30): error TS17004: Cannot use JSX unless the '--jsx' flag is provided.
src/app/dashboard/printer/components/App.tsx(1883,56): error TS17004: Cannot use JSX unless the '--jsx' flag is provided.
src/app/dashboard/printer/components/App.tsx(1884,13): error TS17004: Cannot use JSX unless the '--jsx' flag is provided.
src/app/dashboard/printer/components/App.tsx(1886,11): error TS17004: Cannot use JSX unless the '--jsx' flag is provided.
src/app/dashboard/printer/components/App.tsx(1887,11): error TS17004: Cannot use JSX unless the '--jsx' flag is provided.
src/app/dashboard/printer/components/App.tsx(1887,138): error TS17004: Cannot use JSX unless the '--jsx' flag is provided.
src/app/dashboard/printer/components/App.tsx(1888,11): error TS17004: Cannot use JSX unless the '--jsx' flag is provided.
src/app/dashboard/printer/components/App.tsx(1889,11): error TS17004: Cannot use JSX unless the '--jsx' flag is provided.
src/app/dashboard/printer/components/App.tsx(1889,138): error TS17004: Cannot use JSX unless the '--jsx' flag is provided.
src/app/dashboard/printer/components/App.tsx(1890,11): error TS17004: Cannot use JSX unless the '--jsx' flag is provided.
src/app/dashboard/printer/components/App.tsx(1891,11): error TS17004: Cannot use JSX unless the '--jsx' flag is provided.
src/app/dashboard/printer/components/App.tsx(1900,15): error TS17004: Cannot use JSX unless the '--jsx' flag is provided.
src/app/dashboard/printer/components/App.tsx(1902,15): error TS17004: Cannot use JSX unless the '--jsx' flag is provided.
src/app/dashboard/printer/components/App.tsx(1912,7): error TS17004: Cannot use JSX unless the '--jsx' flag is provided.
src/app/dashboard/printer/components/App.tsx(1917,7): error TS17004: Cannot use JSX unless the '--jsx' flag is provided.
src/app/dashboard/printer/components/App.tsx(1928,7): error TS17004: Cannot use JSX unless the '--jsx' flag is provided.
src/app/dashboard/printer/components/App.tsx(1935,7): error TS17004: Cannot use JSX unless the '--jsx' flag is provided.
src/app/dashboard/printer/components/App.tsx(1941,7): error TS17004: Cannot use JSX unless the '--jsx' flag is provided.
src/app/dashboard/printer/components/App.tsx(1949,7): error TS17004: Cannot use JSX unless the '--jsx' flag is provided.
src/app/dashboard/printer/components/App.tsx(1952,9): error TS17004: Cannot use JSX unless the '--jsx' flag is provided.
src/app/dashboard/printer/components/App.tsx(1962,11): error TS17004: Cannot use JSX unless the '--jsx' flag is provided.
src/app/dashboard/printer/components/App.tsx(1963,13): error TS17004: Cannot use JSX unless the '--jsx' flag is provided.
src/app/dashboard/printer/components/App.tsx(1971,11): error TS17004: Cannot use JSX unless the '--jsx' flag is provided.
src/app/dashboard/printer/components/App.tsx(1972,11): error TS17004: Cannot use JSX unless the '--jsx' flag is provided.
src/app/dashboard/printer/components/App.tsx(1981,9): error TS17004: Cannot use JSX unless the '--jsx' flag is provided.
src/app/dashboard/printer/components/App.tsx(1982,11): error TS17004: Cannot use JSX unless the '--jsx' flag is provided.
src/app/dashboard/printer/components/App.tsx(1989,9): error TS17004: Cannot use JSX unless the '--jsx' flag is provided.
src/app/dashboard/printer/components/App.tsx(1990,11): error TS17004: Cannot use JSX unless the '--jsx' flag is provided.
src/app/dashboard/printer/components/App.tsx(2002,9): error TS17004: Cannot use JSX unless the '--jsx' flag is provided.
src/app/dashboard/printer/components/App.tsx(2003,11): error TS17004: Cannot use JSX unless the '--jsx' flag is provided.
src/app/dashboard/printer/components/App.tsx(2004,13): error TS17004: Cannot use JSX unless the '--jsx' flag is provided.
src/app/dashboard/printer/components/App.tsx(2005,13): error TS17004: Cannot use JSX unless the '--jsx' flag is provided.
src/app/dashboard/printer/components/App.tsx(2006,13): error TS17004: Cannot use JSX unless the '--jsx' flag is provided.
src/app/dashboard/printer/components/App.tsx(2006,75): error TS17004: Cannot use JSX unless the '--jsx' flag is provided.
src/app/dashboard/printer/components/App.tsx(2007,13): error TS17004: Cannot use JSX unless the '--jsx' flag is provided.
src/app/dashboard/printer/components/App.tsx(2008,15): error TS17004: Cannot use JSX unless the '--jsx' flag is provided.
src/app/dashboard/printer/components/App.tsx(2009,17): error TS17004: Cannot use JSX unless the '--jsx' flag is provided.
src/app/dashboard/printer/components/App.tsx(2010,17): error TS17004: Cannot use JSX unless the '--jsx' flag is provided.
src/app/dashboard/printer/components/App.tsx(2011,17): error TS17004: Cannot use JSX unless the '--jsx' flag is provided.
src/app/dashboard/printer/components/App.tsx(2013,15): error TS17004: Cannot use JSX unless the '--jsx' flag is provided.
src/app/dashboard/printer/components/App.tsx(2014,17): error TS17004: Cannot use JSX unless the '--jsx' flag is provided.
src/app/dashboard/printer/components/App.tsx(2015,17): error TS17004: Cannot use JSX unless the '--jsx' flag is provided.
src/app/dashboard/printer/components/App.tsx(2016,17): error TS17004: Cannot use JSX unless the '--jsx' flag is provided.
src/app/dashboard/printer/components/App.tsx(2017,17): error TS17004: Cannot use JSX unless the '--jsx' flag is provided.
src/app/dashboard/printer/components/App.tsx(2019,15): error TS17004: Cannot use JSX unless the '--jsx' flag is provided.
src/app/dashboard/printer/components/App.tsx(2020,17): error TS17004: Cannot use JSX unless the '--jsx' flag is provided.
src/app/dashboard/printer/components/App.tsx(2021,17): error TS17004: Cannot use JSX unless the '--jsx' flag is provided.
src/app/dashboard/printer/components/App.tsx(2022,17): error TS17004: Cannot use JSX unless the '--jsx' flag is provided.
src/app/dashboard/printer/components/App.tsx(2025,13): error TS17004: Cannot use JSX unless the '--jsx' flag is provided.
src/app/dashboard/printer/components/App.tsx(2026,13): error TS17004: Cannot use JSX unless the '--jsx' flag is provided.
src/app/dashboard/printer/components/App.tsx(2036,7): error TS17004: Cannot use JSX unless the '--jsx' flag is provided.
src/app/dashboard/printer/components/App.tsx(2053,7): error TS17004: Cannot use JSX unless the '--jsx' flag is provided.
src/app/dashboard/printer/components/App.tsx(2061,7): error TS17004: Cannot use JSX unless the '--jsx' flag is provided.
src/app/dashboard/printer/components/App.tsx(2092,5): error TS17004: Cannot use JSX unless the '--jsx' flag is provided.
src/app/dashboard/printer/components/App.tsx(2093,7): error TS17004: Cannot use JSX unless the '--jsx' flag is provided.
src/app/dashboard/printer/components/App.tsx(2094,9): error TS17004: Cannot use JSX unless the '--jsx' flag is provided.
src/app/dashboard/printer/components/App.tsx(2095,9): error TS17004: Cannot use JSX unless the '--jsx' flag is provided.
src/app/dashboard/printer/components/App.tsx(2102,9): error TS17004: Cannot use JSX unless the '--jsx' flag is provided.
src/app/dashboard/printer/components/App.tsx(2103,11): error TS17004: Cannot use JSX unless the '--jsx' flag is provided.
src/app/dashboard/printer/components/App.tsx(2104,11): error TS17004: Cannot use JSX unless the '--jsx' flag is provided.
src/app/dashboard/printer/components/App.tsx(2122,5): error TS17004: Cannot use JSX unless the '--jsx' flag is provided.
src/app/dashboard/printer/components/App.tsx(2123,7): error TS17004: Cannot use JSX unless the '--jsx' flag is provided.
src/app/dashboard/printer/components/App.tsx(2124,9): error TS17004: Cannot use JSX unless the '--jsx' flag is provided.
src/app/dashboard/printer/components/App.tsx(2125,9): error TS17004: Cannot use JSX unless the '--jsx' flag is provided.
src/app/dashboard/printer/components/App.tsx(2127,13): error TS17004: Cannot use JSX unless the '--jsx' flag is provided.
src/app/dashboard/printer/components/App.tsx(2132,15): error TS17004: Cannot use JSX unless the '--jsx' flag is provided.
src/app/dashboard/printer/components/App.tsx(2133,15): error TS17004: Cannot use JSX unless the '--jsx' flag is provided.
src/app/dashboard/printer/components/App.tsx(2136,36): error TS17004: Cannot use JSX unless the '--jsx' flag is provided.
src/app/dashboard/printer/components/App.tsx(2138,9): error TS17004: Cannot use JSX unless the '--jsx' flag is provided.
src/app/dashboard/printer/components/BridgeOnboardingDialog.tsx(36,5): error TS17004: Cannot use JSX unless the '--jsx' flag is provided.
src/app/dashboard/printer/components/BridgeOnboardingDialog.tsx(37,7): error TS17004: Cannot use JSX unless the '--jsx' flag is provided.
src/app/dashboard/printer/components/BridgeOnboardingDialog.tsx(40,9): error TS17004: Cannot use JSX unless the '--jsx' flag is provided.
src/app/dashboard/printer/components/BridgeOnboardingDialog.tsx(41,11): error TS17004: Cannot use JSX unless the '--jsx' flag is provided.
src/app/dashboard/printer/components/BridgeOnboardingDialog.tsx(42,13): error TS17004: Cannot use JSX unless the '--jsx' flag is provided.
src/app/dashboard/printer/components/BridgeOnboardingDialog.tsx(43,15): error TS17004: Cannot use JSX unless the '--jsx' flag is provided.
src/app/dashboard/printer/components/BridgeOnboardingDialog.tsx(45,13): error TS17004: Cannot use JSX unless the '--jsx' flag is provided.
src/app/dashboard/printer/components/BridgeOnboardingDialog.tsx(46,15): error TS17004: Cannot use JSX unless the '--jsx' flag is provided.
src/app/dashboard/printer/components/BridgeOnboardingDialog.tsx(47,15): error TS17004: Cannot use JSX unless the '--jsx' flag is provided.
src/app/dashboard/printer/components/BridgeOnboardingDialog.tsx(50,11): error TS17004: Cannot use JSX unless the '--jsx' flag is provided.
src/app/dashboard/printer/components/BridgeOnboardingDialog.tsx(51,13): error TS17004: Cannot use JSX unless the '--jsx' flag is provided.
src/app/dashboard/printer/components/BridgeOnboardingDialog.tsx(56,9): error TS17004: Cannot use JSX unless the '--jsx' flag is provided.
src/app/dashboard/printer/components/BridgeOnboardingDialog.tsx(58,13): error TS17004: Cannot use JSX unless the '--jsx' flag is provided.
src/app/dashboard/printer/components/BridgeOnboardingDialog.tsx(59,15): error TS17004: Cannot use JSX unless the '--jsx' flag is provided.
src/app/dashboard/printer/components/BridgeOnboardingDialog.tsx(60,17): error TS17004: Cannot use JSX unless the '--jsx' flag is provided.
src/app/dashboard/printer/components/BridgeOnboardingDialog.tsx(61,19): error TS17004: Cannot use JSX unless the '--jsx' flag is provided.
src/app/dashboard/printer/components/BridgeOnboardingDialog.tsx(63,17): error TS17004: Cannot use JSX unless the '--jsx' flag is provided.
src/app/dashboard/printer/components/BridgeOnboardingDialog.tsx(64,17): error TS17004: Cannot use JSX unless the '--jsx' flag is provided.
src/app/dashboard/printer/components/BridgeOnboardingDialog.tsx(65,49): error TS17004: Cannot use JSX unless the '--jsx' flag is provided.
src/app/dashboard/printer/components/BridgeOnboardingDialog.tsx(69,15): error TS17004: Cannot use JSX unless the '--jsx' flag is provided.
src/app/dashboard/printer/components/BridgeOnboardingDialog.tsx(75,17): error TS17004: Cannot use JSX unless the '--jsx' flag is provided.
src/app/dashboard/printer/components/BridgeOnboardingDialog.tsx(78,15): error TS17004: Cannot use JSX unless the '--jsx' flag is provided.
src/app/dashboard/printer/components/BridgeOnboardingDialog.tsx(88,13): error TS17004: Cannot use JSX unless the '--jsx' flag is provided.
src/app/dashboard/printer/components/BridgeOnboardingDialog.tsx(89,15): error TS17004: Cannot use JSX unless the '--jsx' flag is provided.
src/app/dashboard/printer/components/BridgeOnboardingDialog.tsx(90,17): error TS17004: Cannot use JSX unless the '--jsx' flag is provided.
src/app/dashboard/printer/components/BridgeOnboardingDialog.tsx(91,19): error TS17004: Cannot use JSX unless the '--jsx' flag is provided.
src/app/dashboard/printer/components/BridgeOnboardingDialog.tsx(93,17): error TS17004: Cannot use JSX unless the '--jsx' flag is provided.
src/app/dashboard/printer/components/BridgeOnboardingDialog.tsx(94,17): error TS17004: Cannot use JSX unless the '--jsx' flag is provided.
src/app/dashboard/printer/components/BridgeOnboardingDialog.tsx(95,27): error TS17004: Cannot use JSX unless the '--jsx' flag is provided.
src/app/dashboard/printer/components/BridgeOnboardingDialog.tsx(95,64): error TS17004: Cannot use JSX unless the '--jsx' flag is provided.
src/app/dashboard/printer/components/BridgeOnboardingDialog.tsx(101,17): error TS17004: Cannot use JSX unless the '--jsx' flag is provided.
src/app/dashboard/printer/components/BridgeOnboardingDialog.tsx(102,19): error TS17004: Cannot use JSX unless the '--jsx' flag is provided.
src/app/dashboard/printer/components/BridgeOnboardingDialog.tsx(103,19): error TS17004: Cannot use JSX unless the '--jsx' flag is provided.
src/app/dashboard/printer/components/BridgeOnboardingDialog.tsx(107,15): error TS17004: Cannot use JSX unless the '--jsx' flag is provided.
src/app/dashboard/printer/components/BridgeOnboardingDialog.tsx(113,19): error TS17004: Cannot use JSX unless the '--jsx' flag is provided.
src/app/dashboard/printer/components/BridgeOnboardingDialog.tsx(115,19): error TS17004: Cannot use JSX unless the '--jsx' flag is provided.
src/app/dashboard/printer/components/BridgeOnboardingDialog.tsx(120,15): error TS17004: Cannot use JSX unless the '--jsx' flag is provided.
src/app/dashboard/printer/components/BridgeOnboardingDialog.tsx(130,13): error TS17004: Cannot use JSX unless the '--jsx' flag is provided.
src/app/dashboard/printer/components/BridgeOnboardingDialog.tsx(131,15): error TS17004: Cannot use JSX unless the '--jsx' flag is provided.
src/app/dashboard/printer/components/BridgeOnboardingDialog.tsx(132,17): error TS17004: Cannot use JSX unless the '--jsx' flag is provided.
src/app/dashboard/printer/components/BridgeOnboardingDialog.tsx(134,15): error TS17004: Cannot use JSX unless the '--jsx' flag is provided.
src/app/dashboard/printer/components/BridgeOnboardingDialog.tsx(135,17): error TS17004: Cannot use JSX unless the '--jsx' flag is provided.
src/app/dashboard/printer/components/BridgeOnboardingDialog.tsx(136,17): error TS17004: Cannot use JSX unless the '--jsx' flag is provided.
src/app/dashboard/printer/components/BridgeOnboardingDialog.tsx(137,51): error TS17004: Cannot use JSX unless the '--jsx' flag is provided.
src/app/dashboard/printer/components/BridgeOnboardingDialog.tsx(141,15): error TS17004: Cannot use JSX unless the '--jsx' flag is provided.
src/app/dashboard/printer/components/BridgeOnboardingDialog.tsx(152,9): error TS17004: Cannot use JSX unless the '--jsx' flag is provided.
src/app/dashboard/printer/components/BridgeOnboardingDialog.tsx(153,11): error TS17004: Cannot use JSX unless the '--jsx' flag is provided.
src/app/dashboard/printer/components/BridgeOnboardingDialog.tsx(166,5): error TS17004: Cannot use JSX unless the '--jsx' flag is provided.
src/app/dashboard/printer/components/lib/supabase.ts(1,30): error TS2307: Cannot find module '@/utils/supabase/client' or its corresponding type declarations.
